0 verbose cli C:\nvm4w\nodejs\node.exe C:\nvm4w\nodejs\node_modules\npm\bin\npm-cli.js
1 info using npm@11.19.0
2 info using node@v24.21.0
3 silly config load:file:C:\Users\PROWEB-User\AppData\Local\nvm\v24.21.0\node_modules\npm\npmrc
4 silly config load:file:D:\Students\wed1500\08\salary\.npmrc
5 silly config load:file:C:\Users\PROWEB-User\.npmrc
6 silly config load:file:C:\Users\PROWEB-User\AppData\Roaming\npm\etc\npmrc
7 verbose title npm run dev
8 verbose argv "run" "dev"
9 verbose logfile logs-max:10 dir:D:\Students\wed1500\08\salary\npm-cache\_logs\2026-09-30T10_42_35_691Z-
10 verbose logfile D:\Students\wed1500\08\salary\npm-cache\_logs\2026-09-30T10_42_35_691Z-debug-0.log
11 silly logfile done cleaning log files
12 verbose stack Error: Could not read package.json: Error: ENOENT: no such file or directory, open 'D:\Students\wed1500\08\salary\package.json'
12 verbose stack     at async open (node:internal/fs/promises:1345:25)
12 verbose stack     at async readFile (node:internal/fs/promises:1996:14)
12 verbose stack     at async read (C:\Users\PROWEB-User\AppData\Local\nvm\v24.21.0\node_modules\npm\node_modules\@npmcli\package-json\lib\read-package.js:9:18)
12 verbose stack     at async PackageJson.load (C:\Users\PROWEB-User\AppData\Local\nvm\v24.21.0\node_modules\npm\node_modules\@npmcli\package-json\lib\index.js:131:31)
12 verbose stack     at async PackageJson.normalize (C:\Users\PROWEB-User\AppData\Local\nvm\v24.21.0\node_modules\npm\node_modules\@npmcli\package-json\lib\index.js:117:5)
12 verbose stack     at async #run (C:\Users\PROWEB-User\AppData\Local\nvm\v24.21.0\node_modules\npm\lib\commands\run.js:90:13)
12 verbose stack     at async RunScript.exec (C:\Users\PROWEB-User\AppData\Local\nvm\v24.21.0\node_modules\npm\lib\commands\run.js:44:7)
12 verbose stack     at async Npm.exec (C:\Users\PROWEB-User\AppData\Local\nvm\v24.21.0\node_modules\npm\lib\npm.js:193:9)
12 verbose stack     at async module.exports (C:\Users\PROWEB-User\AppData\Local\nvm\v24.21.0\node_modules\npm\lib\cli\entry.js:67:5)
13 error code ENOENT
14 error syscall open
15 error path D:\Students\wed1500\08\salary\package.json
16 error errno -4058
17 error enoent Could not read package.json: Error: ENOENT: no such file or directory, open 'D:\Students\wed1500\08\salary\package.json'
18 error enoent This is related to npm not being able to find a file.
18 error enoent
19 verbose cwd D:\Students\wed1500\08\salary
20 verbose os Windows_NT 10.0.19045
21 verbose node v24.21.0
22 verbose npm  v11.19.0
23 verbose exit -4058
24 verbose code -4058
25 error A complete log of this run can be found in: D:\Students\wed1500\08\salary\npm-cache\_logs\2026-09-30T10_42_35_691Z-debug-0.log
